╭──────────────────────────────────╮
│ >_ Zyra (v0.1.0)                 │
│                                  │
│ 模型: 自动选择                   │
│ 目录: G:\agent-zoo\zyra          │
╰──────────────────────────────────╯

› 测试，收到请回复

• 收到！已收到您的测试消息。

  这是一个简单的连通性测试，无需进行任何工作区变更。如果您接下来有具体的任务需求（例如创建或修改文件、运行命令等），请直
  接告诉我，我会立即执行。

› 让 Zyra 处理任何任务
  ? 查看快捷键
