╭──────────────────────────────────────────────────────────────────────────────╮
│ >_ Zyra (v0.1.0)                                                             │
│ G:\agent-zoo\zyra · 已连接 · 产品模式                                        │
╰──────────────────────────────────────────────────────────────────────────────╯

› 测试，收到请回复

• 收到！已收到您的测试消息。

  这是一个简单的连通性测试，无需进行任何工作区变更。如果您接下来有具体的任务需求
  （例如创建或修改文件、运行命令等），请直接告诉我，我会立即执行。

✓ 已完成 5 个步骤

• 未记录最终验证

› 向 Zyra 描述任务
  任务已完成 · 已连接 · task_fixture_simple
