e01-mut-001-restore-before-bootstrap: KILLED
e01-mut-002-revision-monotonic: KILLED
e01-mut-003-transition-unique: KILLED
e01-mut-004-payload-digest: KILLED
e01-mut-005-pending-committed: KILLED
e01-mut-006-effect-fence: KILLED
e01-mut-007-lost-ack: KILLED
e01-mut-008-corrupt-snapshot: KILLED
e01-mut-009-session-scope: KILLED
e01-mut-010-outbox-once: KILLED
e01-mut-011-turn-limit: KILLED
e01-mut-012-cancel: KILLED
e01-mut-013-empty-turn: KILLED
e01-mut-014-query-revision: KILLED
e01-mut-015-failure-route: KILLED
e01-mut-016-compact-threshold: KILLED
e01-mut-017-compact-tool-pair: KILLED
e01-mut-018-compact-suffix: KILLED
e01-mut-019-compact-restore: KILLED
e01-mut-020-compact-cleanup: KILLED
e01-mut-021-retry-delay: KILLED
e01-mut-022-retry-class: KILLED
e01-mut-023-max-retries: KILLED
e01-mut-024-fallback: KILLED
e01-mut-025-stream-final: KILLED
e01-mut-026-usage: KILLED
e01-mut-027-cache-lineage: KILLED
e01-mut-028-tool-schema: KILLED
e01-mut-029-write-serialization: KILLED
e01-mut-030-result-budget: KILLED
e01-mut-031-recovery-planner-custody: KILLED
e01-mut-032-provider-lifecycle-custody: KILLED
e01-mut-033-provider-execution-callback: KILLED
e01-mut-034-execution-custody: KILLED
e01-mut-035-transport-slot-finally: KILLED
e01-mut-036-provider-observation-revision: KILLED
e01-mut-037-permission-deny-delegation: KILLED
e01-mut-038-compatible-endpoint: KILLED
e01-mut-039-compatible-tool-delta: KILLED
e01-mut-040-iteration-repeated-tool-id: KILLED
e01-mut-041-settlement-gateway-fence: KILLED
e01-mut-042-provider-stream-custody: KILLED
e01-mut-043-gateway-extra-receipt: KILLED
e01-mut-044-iteration-snapshot-checksum: KILLED
e01-mut-045-observation-budget-enforcement: KILLED
e01-mut-046-observation-budget-snapshot-checksum: KILLED
e01-mut-047-output-token-reduction: KILLED
e01-mut-048-history-restore-checksum: KILLED
e01-mut-049-owned-tool-partition: KILLED
e01-mut-050-provider-credential-failure: KILLED
